../Core/Inc/adxl345/../checksum.h:35:20:crc_accumulate	24	static
../Core/Inc/adxl345/../checksum.h:52:20:crc_init	16	static
../Core/Inc/adxl345/../checksum.h:65:24:crc_calculate	24	static
../Core/Inc/adxl345/../checksum.h:85:20:crc_accumulate_buffer	32	static
../Core/Inc/adxl345/../mavlink_sha256.h:91:21:mavlink_sha256_init	16	static
../Core/Inc/adxl345/../mavlink_sha256.h:105:20:mavlink_sha256_calc	320	static
../Core/Inc/adxl345/../mavlink_sha256.h:152:21:mavlink_sha256_update	120	static
../Core/Inc/adxl345/../mavlink_sha256.h:192:21:mavlink_sha256_final_48	104	static
../Core/Inc/adxl345/../mavlink_helpers.h:23:34:mavlink_get_channel_status	16	static
../Core/Inc/adxl345/../mavlink_helpers.h:73:24:mavlink_sign_packet	144	static
../Core/Inc/adxl345/../mavlink_helpers.h:111:24:_mav_trim_payload	16	static
../Core/Inc/adxl345/../mavlink_helpers.h:223:25:mavlink_finalize_message_buffer	80	static
../Core/Inc/adxl345/../mavlink_helpers.h:292:25:mavlink_finalize_message_chan	40	static
../Core/Inc/adxl345/../mavlink_helpers.h:302:25:mavlink_finalize_message	32	static
../Core/Inc/adxl345/../mavlink_helpers.h:447:25:mavlink_msg_to_send_buffer	32	static
../Core/Inc/adxl345/./mavlink_msg_ins_accel.h:59:24:mavlink_msg_ins_accel_pack	64	static
../Core/Src/main.c:71:5:main	768	static
../Core/Src/main.c:160:6:SystemClock_Config	88	static
../Core/Src/main.c:202:13:MX_I2C1_Init	8	static
../Core/Src/main.c:236:13:MX_USART2_UART_Init	8	static
../Core/Src/main.c:269:13:MX_GPIO_Init	40	static
../Core/Src/main.c:303:6:Error_Handler	4	static,ignoring_inline_asm
